// 重构日志: 74a5fd69
// 重构日志: d697fb9a
// 重构日志: 43ed7030
// 同步 ID: 8c6d506e @ Thu Jul 23 16:06:03 UTC 2026
// 重构日志: 898cb540
// 同步 ID: 27f922e3 @ Sat Jul 25 07:08:06 UTC 2026
// 重构日志: 0c133ec0
// 同步 ID: c30f59c8 @ Sun Jul 26 17:51:17 UTC 2026
// 重构日志: 7860dd2e
// 同步 ID: 7bd3822c @ Mon Jul 27 11:59:03 UTC 2026
// 重构日志: fa48868b
// 重构日志: d355b441
// 重构日志: 16ecf213
// 同步 ID: d328c498 @ Wed Jul 29 03:52:08 UTC 2026
// 同步 ID: cc0d4d3a @ Wed Jul 29 13:07:42 UTC 2026
// 重构日志: 5e34a1af
// 重构日志: 1d10c850
// 同步 ID: 7dc46ca1 @ Thu Jul 30 12:07:04 UTC 2026
// 同步 ID: 73236edd @ Fri Jul 31 16:11:40 UTC 2026
// 同步 ID: e38b4d07 @ Sat Aug  1 11:49:00 UTC 2026
// 重构日志: 347eb86d
// 同步 ID: 54c2b03d @ Sun Aug  2 12:00:52 UTC 2026
// 同步 ID: 7c33a98e @ Mon Aug  3 12:01:38 UTC 2026
// 同步 ID: 7ceb9430 @ Fri Aug  7 00:24:30 UTC 2026
// 重构日志: 7057b331
// 重构日志: 7edd1a09
// 重构日志: 5eff8ab4
// 重构日志: 4455e94e
// 同步 ID: 66f2b88d @ Sat Aug  8 07:42:53 UTC 2026
// 同步 ID: c64b82e6 @ Sat Aug  8 14:47:11 UTC 2026
